// Jest Snapshot v1, https://goo.gl/fbAQLP

exports[`NewBoxForm component matches the snapshot 1`] = `
<div>
  <div>
    <form>
      <div>
        <label
          class="new-box-form"
          for="newBox-height"
        >
          Height
        </label>
        <input
          id="newBox-height"
          name="height"
          value=""
        />
      </div>
      <div>
        <label
          for="newBox-width"
        >
          Width
        </label>
        <input
          id="newBox-width"
          name="width"
          value=""
        />
      </div>
      <div>
        <label
          for="newBox-backgroundColor"
        >
          Background Color
        </label>
        <input
          id="newBox-backgroundColor"
          name="backgroundColor"
          value=""
        />
      </div>
      <button
        class="NewBoxForm-addBtn"
        id="NewBoxForm-addBtn"
      >
        Add a new box!
      </button>
    </form>
  </div>
</div>
`;
